La date de fin doit être postérieure à la date de début