Mauvais format
Mauvais format
Radius invalide
Mauvais format (JJ/MM/AAAA HH:MM demand√©).