Pas assez d'arguments. Veuillez renseigner le nom des fichiers de description et donn√©es, ainsi que l'encodage utf8 (Y/N)
