Bonjour, et bienvenue dans cette application de surveillance de la qualité de l'air.
Le service est en cours d'initialisation, veuillez patientez...

Nombre de mesures analysées : 20

Vous souhaitez :
1 - Obtenir la qualité de l'air moyenne sur un territoire précis à une date précise
2 - Obtenir la qualité de l'air moyenne sur un territoire précis sur une période précise
3 - Trouver les capteurs ayant un comportement similaire
4 - Obtenir les valeurs caractérisant la qualité de l'air à un point précis
5 - Obtenir la liste des capteurs qui ne fonctionnent pas
6 - Charger un autre fichier que celui par défaut
7 - Quitter


Il n'y a pas de capteur défaillant.

Vous souhaitez :
1 - Obtenir la qualité de l'air moyenne sur un territoire précis à une date précise
2 - Obtenir la qualité de l'air moyenne sur un territoire précis sur une période précise
3 - Trouver les capteurs ayant un comportement similaire
4 - Obtenir les valeurs caractérisant la qualité de l'air à un point précis
5 - Obtenir la liste des capteurs qui ne fonctionnent pas
6 - Charger un autre fichier que celui par défaut
7 - Quitter


Merci et à bientôt !

