Les arguments sont incorrects. VÃ©rifiez les chemins des fichiers et la casse pour (Y/N)
