Erreur d'analyse du fichier donneesCapteurs.csv, vérifiez la syntaxe de la ligne 1.
Erreur d'analyse du fichier donneesCapteurs.csv, vérifiez la syntaxe de la ligne 5.
Erreur d'analyse du fichier donneesCapteurs.csv, vérifiez la syntaxe de la ligne 9.