Erreur,
Pas de mesure NO2 dans les capteurs à proximité.
