Fichier introuvable. Réessayez
Fichier introuvable. Réessayez
Fichier introuvable. Réessayez